exports[`isNotArray With array returns correct result 1`] = `false`;

exports[`isNotArray With function returns correct result 1`] = `true`;

exports[`isNotArray With null returns correct result 1`] = `true`;

exports[`isNotArray With object returns correct result 1`] = `true`;
