exports[`isNotFunction With array returns correct result 1`] = `true`;

exports[`isNotFunction With function returns correct result 1`] = `false`;

exports[`isNotFunction With null returns correct result 1`] = `true`;

exports[`isNotFunction With object returns correct result 1`] = `true`;
