exports[`isFunction With array returns correct result 1`] = `false`;

exports[`isFunction With function returns correct result 1`] = `true`;

exports[`isFunction With null returns correct result 1`] = `false`;

exports[`isFunction With object returns correct result 1`] = `false`;
