exports[`isArray With array returns correct result 1`] = `true`;

exports[`isArray With function returns correct result 1`] = `false`;

exports[`isArray With null returns correct result 1`] = `false`;

exports[`isArray With object returns correct result 1`] = `false`;
